# GUI Audio Top-1 Log - started 2025-10-15T18:04:47.236302
2025-10-15T18:26:45.436560 - DETECTION: Background (Vote: 100%, Conf: 100.0%)
2025-10-15T18:35:50.416006 - DETECTION: Background (Vote: 100%, Conf: 99.4%)
2025-10-15T18:38:11.702619 - DETECTION: Dingo (Vote: 70%, Conf: 99.5%)
2025-10-15T21:17:07.707918 - DETECTION: Dingo (Vote: 100%, Conf: 96.8%)
2025-10-15T21:18:05.499897 - DETECTION: Dingo (Vote: 100%, Conf: 100.0%)
2025-10-16T01:22:00.144049 - DETECTION: Background (Vote: 100%, Conf: 100.0%)
2025-10-16T01:23:07.793734 - DETECTION: Kookaburra (Vote: 70%, Conf: 95.7%)
2025-10-16T01:32:02.710589 - DETECTION: Background (Vote: 100%, Conf: 100.0%)
2025-10-16T02:28:24.781071 - DETECTION: Background (Vote: 100%, Conf: 100.0%)
2025-10-16T05:19:42.369214 - DETECTION: Background (Vote: 100%, Conf: 100.0%)
2025-10-16T05:20:13.957428 - DETECTION: Bat (Vote: 70%, Conf: 98.3%)
2025-10-16T05:20:58.287705 - DETECTION: Cockatoo (Vote: 70%, Conf: 99.8%)
2025-10-16T05:21:52.159075 - DETECTION: Crocodile (Vote: 70%, Conf: 100.0%)
2025-10-16T05:22:30.185956 - DETECTION: Dingo (Vote: 70%, Conf: 98.6%)
2025-10-16T05:22:55.520887 - DETECTION: Duck (Vote: 70%, Conf: 100.0%)
2025-10-16T05:23:52.511192 - DETECTION: Frog (Vote: 70%, Conf: 100.0%)
2025-10-16T05:24:24.207129 - DETECTION: FrogmouthTawny (Vote: 70%, Conf: 99.4%)
2025-10-16T05:25:30.711781 - DETECTION: Koala (Vote: 70%, Conf: 100.0%)
2025-10-16T05:26:24.741814 - DETECTION: Kookaburra (Vote: 70%, Conf: 100.0%)
2025-10-16T05:27:09.076928 - DETECTION: Magpie (Vote: 70%, Conf: 100.0%)
2025-10-16T05:28:12.623186 - DETECTION: Possum (Vote: 70%, Conf: 100.0%)
2025-10-16T05:29:00.107824 - DETECTION: Wombat (Vote: 70%, Conf: 99.7%)
2025-10-16T05:35:42.157485 - DETECTION: Cockatoo (Vote: 100%, Conf: 100.0%)
